
> react-typescript-starter@0.1.0 test
> react-scripts test "--coverage"

  console.error
    Warning: You seem to have overlapping act() calls, this is not supported. Be sure to await previous act() calls before making a new one.

      at console.error (node_modules/@testing-library/react/dist/act-compat.js:55:34)
      at console.error (node_modules/@testing-library/react/dist/act-compat.js:55:34)
      at console.error (node_modules/@testing-library/react/dist/act-compat.js:55:34)
      at printWarning (node_modules/react-dom/cjs/react-dom-test-utils.development.js:67:30)
      at error (node_modules/react-dom/cjs/react-dom-test-utils.development.js:43:5)
      at onDone (node_modules/react-dom/cjs/react-dom-test-utils.development.js:1034:9)
      at node_modules/react-dom/cjs/react-dom-test-utils.development.js:1073:13

PASS src/App.test.tsx
  Degree Planner Component Tests
    ✓ The initial button exists (91 ms)
    ✓ Add New Plan Button Works and Menu appears (157 ms)
    ✓ Cancel button and Add Plan Button works (172 ms)
    ✓ Can Create a Plan with a Name (164 ms)
    ✓ Edit Plan Works (160 ms)
    ✓ Cancel Button works (139 ms)
    ✓ Delete Button works (100 ms)
    ✓ Can change name and credits and save Button Works (178 ms)
    ✓ Add A Semester Button works (83 ms)
    ✓ You can actually add a real semester (153 ms)

-----------------------|---------|----------|---------|---------|------------------------
File                   | % Stmts | % Branch | % Funcs | % Lines | Uncovered Line #s      
-----------------------|---------|----------|---------|---------|------------------------
All files              |   48.71 |    23.52 |   42.15 |   47.65 |                        
 src                   |    90.9 |       50 |   84.61 |   89.47 |                        
  App.tsx              |    90.9 |       50 |   84.61 |   89.47 | 35,75                  
 src/components        |   43.54 |    21.87 |    36.9 |   43.33 |                        
  AddCourseModal.tsx   |       0 |        0 |       0 |       0 | 14-1250                
  AddPlanModal.tsx     |      80 |        0 |   66.66 |      80 | 45                     
  AddSemesterModal.tsx |     100 |       50 |     100 |     100 | 104                    
  CourseList.tsx       |       0 |      100 |       0 |       0 | 7-10                   
  EditCourse.tsx       |       0 |        0 |       0 |       0 | 13-128                 
  EditPlan.tsx         |    92.3 |     37.5 |   85.71 |   91.66 | 138,201                
  EditSemester.tsx     |   13.88 |       10 |      20 |    14.7 | 23-202,225,242,260-279 
  PlanList.tsx         |     100 |      100 |     100 |     100 |                        
  SemesterList.tsx     |     100 |      100 |     100 |     100 |                        
  ViewCourses.tsx      |       0 |      100 |       0 |       0 | 6                      
  ViewPlans.tsx        |      60 |       40 |   42.85 |      60 | 30-44                  
  ViewSemesters.tsx    |   66.66 |       50 |   33.33 |   66.66 | 22-26                  
 src/interface         |       0 |        0 |       0 |       0 |                        
  course.ts            |       0 |        0 |       0 |       0 |                        
  plan.ts              |       0 |        0 |       0 |       0 |                        
  semester.ts          |       0 |        0 |       0 |       0 |                        
 src/lists             |      20 |      100 |      20 |      20 |                        
  capstoneCourses.ts   |       0 |      100 |       0 |       0 | 3-212                  
  ciscCourses.ts       |     100 |      100 |     100 |     100 |                        
  dleCourses.ts        |       0 |      100 |       0 |       0 | 3-88                   
  fyeCourses.ts        |       0 |      100 |       0 |       0 | 3-139                  
  multicultCourses.ts  |       0 |      100 |       0 |       0 | 3-300                  
-----------------------|---------|----------|---------|---------|------------------------
Test Suites: 1 passed, 1 total
Tests:       10 passed, 10 total
Snapshots:   0 total
Time:        4.578 s
Ran all test suites.
